============================= test session starts ==============================
platform linux -- Python 3.12.3, pytest-9.0.2, pluggy-1.6.0
rootdir: /workspaces/AIETLTest
collected 3 items

tests/test_anomaly.py ..                                                 [ 66%]
tests/test_validation.py .                                               [100%]

============================== 3 passed in 0.38s ===============================
Tests completed
